<html><body>
<a href="#" style="text-decoration: underline; color: blue;"><span>Â®+</span>Test<span style="font-weight: bold;">a</span></a>
<b><span>b</span></b>
<b><span>b</span></b>
</body></html>
